

================================================================
== Vivado HLS Report for 'compute_features'
================================================================
* Date:           Wed Mar 26 15:57:08 2025

* Version:        2019.1 (Build 2552052 on Fri May 24 15:28:33 MDT 2019)
* Project:        FIRIn2Features
* Solution:       solution1
* Product family: zynq
* Target device:  xc7z020-clg400-2


================================================================
== Performance Estimates
================================================================
+ Timing (ns): 
    * Summary: 
    +--------+-------+----------+------------+
    |  Clock | Target| Estimated| Uncertainty|
    +--------+-------+----------+------------+
    |ap_clk  |  10.00|     8.588|        1.25|
    +--------+-------+----------+------------+

+ Latency (clock cycles): 
    * Summary: 
    +-----+-----+-----+-----+---------+
    |  Latency  |  Interval | Pipeline|
    | min | max | min | max |   Type  |
    +-----+-----+-----+-----+---------+
    |    ?|    ?|    ?|    ?|   none  |
    +-----+-----+-----+-----+---------+

    + Detail: 
        * Instance: 
        N/A

        * Loop: 
        +----------+------+------+----------+-----------+-----------+------+----------+
        |          |   Latency   | Iteration|  Initiation Interval  | Trip |          |
        | Loop Name|  min |  max |  Latency |  achieved |   target  | Count| Pipelined|
        +----------+------+------+----------+-----------+-----------+------+----------+
        |- Loop 1  |   200|   200|         1|          -|          -|   200|    no    |
        |- Loop 2  |  1393|  1393|         7|          -|          -|   199|    no    |
        |- Loop 3  |   900|   900|         9|          -|          -|   100|    no    |
        |- Loop 4  |   237|   237|         3|          -|          -|    79|    no    |
        |- Loop 5  |     ?|     ?|        18|          -|          -|     ?|    no    |
        +----------+------+------+----------+-----------+-----------+------+----------+



================================================================
== Utilization Estimates
================================================================
* Summary: 
+-----------------+---------+-------+--------+-------+-----+
|       Name      | BRAM_18K| DSP48E|   FF   |  LUT  | URAM|
+-----------------+---------+-------+--------+-------+-----+
|DSP              |        -|      -|       -|      -|    -|
|Expression       |        -|      -|       0|    734|    -|
|FIFO             |        -|      -|       -|      -|    -|
|Instance         |        -|     19|    1661|   3787|    -|
|Memory           |        3|      -|       0|      0|    0|
|Multiplexer      |        -|      -|       -|    112|    -|
|Register         |        -|      -|    1032|      -|    -|
+-----------------+---------+-------+--------+-------+-----+
|Total            |        3|     19|    2693|   4633|    0|
+-----------------+---------+-------+--------+-------+-----+
|Available        |      280|    220|  106400|  53200|    0|
+-----------------+---------+-------+--------+-------+-----+
|Utilization (%)  |        1|      8|       2|      8|    0|
+-----------------+---------+-------+--------+-------+-----+

+ Detail: 
    * Instance: 
    +--------------------------+----------------------+---------+-------+-----+------+-----+
    |         Instance         |        Module        | BRAM_18K| DSP48E|  FF |  LUT | URAM|
    +--------------------------+----------------------+---------+-------+-----+------+-----+
    |feature_extractorcud_U26  |feature_extractorcud  |        0|      0|   66|   239|    0|
    |feature_extractoreOg_U20  |feature_extractoreOg  |        0|      2|  227|   404|    0|
    |feature_extractorg8j_U21  |feature_extractorg8j  |        0|      3|  128|   320|    0|
    |feature_extractorlbW_U22  |feature_extractorlbW  |        0|      0|  168|   534|    0|
    |feature_extractormb6_U23  |feature_extractormb6  |        0|      0|  128|   285|    0|
    |feature_extractorncg_U24  |feature_extractorncg  |        0|      0|  100|   143|    0|
    |feature_extractorncg_U25  |feature_extractorncg  |        0|      0|  100|   143|    0|
    |feature_extractorocq_U27  |feature_extractorocq  |        0|      3|  445|  1149|    0|
    |feature_extractorpcA_U28  |feature_extractorpcA  |        0|     11|  299|   570|    0|
    +--------------------------+----------------------+---------+-------+-----+------+-----+
    |Total                     |                      |        0|     19| 1661|  3787|    0|
    +--------------------------+----------------------+---------+-------+-----+------+-----+

    * DSP48E: 
    N/A

    * Memory: 
    +----------+----------------------+---------+---+----+-----+------+-----+------+-------------+
    |  Memory  |        Module        | BRAM_18K| FF| LUT| URAM| Words| Bits| Banks| W*Bits*Banks|
    +----------+----------------------+---------+---+----+-----+------+-----+------+-------------+
    |buffer_U  |compute_features_jbC  |        2|  0|   0|    0|   200|   32|     1|         6400|
    |diff1_U   |compute_features_kbM  |        1|  0|   0|    0|   199|   32|     1|         6368|
    +----------+----------------------+---------+---+----+-----+------+-----+------+-------------+
    |Total     |                      |        3|  0|   0|    0|   399|   64|     2|        12768|
    +----------+----------------------+---------+---+----+-----+------+-----+------+-------------+

    * FIFO: 
    N/A

    * Expression: 
    +---------------------------------+----------+-------+---+-----+------------+------------+
    |          Variable Name          | Operation| DSP48E| FF| LUT | Bitwidth P0| Bitwidth P1|
    +---------------------------------+----------+-------+---+-----+------------+------------+
    |add_ln339_fu_519_p2              |     +    |      0|  0|    9|           8|           9|
    |i_1_fu_449_p2                    |     +    |      0|  0|    8|           8|           1|
    |i_2_fu_628_p2                    |     +    |      0|  0|    8|           1|           8|
    |i_3_fu_733_p2                    |     +    |      0|  0|    7|           1|           7|
    |i_4_fu_932_p2                    |     +    |      0|  0|   32|           1|          32|
    |i_fu_432_p2                      |     +    |      0|  0|    8|           8|           1|
    |result_V_2_fu_605_p2             |     -    |      0|  0|   32|           1|          32|
    |sub_ln1311_fu_533_p2             |     -    |      0|  0|    8|           7|           8|
    |and_ln124_1_fu_708_p2            |    and   |      0|  0|    1|           1|           1|
    |and_ln124_fu_702_p2              |    and   |      0|  0|    1|           1|           1|
    |and_ln130_1_fu_866_p2            |    and   |      0|  0|    1|           1|           1|
    |and_ln130_fu_860_p2              |    and   |      0|  0|    1|           1|           1|
    |and_ln138_1_fu_926_p2            |    and   |      0|  0|    1|           1|           1|
    |and_ln138_fu_921_p2              |    and   |      0|  0|    1|           1|           1|
    |ap_block_state2                  |    and   |      0|  0|    1|           1|           1|
    |features_out_V_1_load_A          |    and   |      0|  0|    1|           1|           1|
    |features_out_V_1_load_B          |    and   |      0|  0|    1|           1|           1|
    |features_out_V_1_state_cmp_full  |   icmp   |      0|  0|    1|           2|           1|
    |icmp_ln108_fu_426_p2             |   icmp   |      0|  0|    4|           8|           7|
    |icmp_ln114_fu_443_p2             |   icmp   |      0|  0|    4|           8|           7|
    |icmp_ln123_fu_469_p2             |   icmp   |      0|  0|    4|           8|           7|
    |icmp_ln124_1_fu_676_p2           |   icmp   |      0|  0|    9|          23|           1|
    |icmp_ln124_2_fu_682_p2           |   icmp   |      0|  0|    4|           8|           2|
    |icmp_ln124_3_fu_688_p2           |   icmp   |      0|  0|    9|          23|           1|
    |icmp_ln124_fu_670_p2             |   icmp   |      0|  0|    4|           8|           2|
    |icmp_ln129_fu_721_p2             |   icmp   |      0|  0|    3|           7|           6|
    |icmp_ln130_1_fu_830_p2           |   icmp   |      0|  0|    9|          23|           1|
    |icmp_ln130_2_fu_842_p2           |   icmp   |      0|  0|    4|           8|           2|
    |icmp_ln130_3_fu_848_p2           |   icmp   |      0|  0|    9|          23|           1|
    |icmp_ln130_fu_824_p2             |   icmp   |      0|  0|    4|           8|           2|
    |icmp_ln138_1_fu_911_p2           |   icmp   |      0|  0|    9|          23|           1|
    |icmp_ln138_2_fu_771_p2           |   icmp   |      0|  0|    4|           8|           2|
    |icmp_ln138_3_fu_777_p2           |   icmp   |      0|  0|    9|          23|           1|
    |icmp_ln138_fu_905_p2             |   icmp   |      0|  0|    4|           8|           2|
    |r_V_fu_563_p2                    |   lshr   |      0|  0|   66|          25|          25|
    |ap_block_state1                  |    or    |      0|  0|    1|           1|           1|
    |ap_block_state53                 |    or    |      0|  0|    1|           1|           1|
    |or_ln124_1_fu_698_p2             |    or    |      0|  0|    1|           1|           1|
    |or_ln124_fu_694_p2               |    or    |      0|  0|    1|           1|           1|
    |or_ln130_1_fu_854_p2             |    or    |      0|  0|    1|           1|           1|
    |or_ln130_fu_836_p2               |    or    |      0|  0|    1|           1|           1|
    |or_ln138_1_fu_783_p2             |    or    |      0|  0|    1|           1|           1|
    |or_ln138_fu_917_p2               |    or    |      0|  0|    1|           1|           1|
    |aip_1_fu_879_p3                  |  select  |      0|  0|   32|           1|          32|
    |p_Val2_11_fu_597_p3              |  select  |      0|  0|   32|           1|          32|
    |p_Val2_12_fu_611_p3              |  select  |      0|  0|   32|           1|          32|
    |slope_ip_2_fu_872_p3             |  select  |      0|  0|   32|           1|          32|
    |tdia_1_fu_714_p3                 |  select  |      0|  0|   32|           1|          32|
    |ush_fu_543_p3                    |  select  |      0|  0|    9|           1|           9|
    |r_V_2_fu_569_p2                  |    shl   |      0|  0|  243|          79|          79|
    |xor_ln135_fu_743_p2              |    xor   |      0|  0|   33|          32|          33|
    +---------------------------------+----------+-------+---+-----+------------+------------+
    |Total                            |          |      0|  0|  734|         413|         467|
    +---------------------------------+----------+-------+---+-----+------------+------------+

    * Multiplexer: 
    +----------------------------+----+-----------+-----+-----------+
    |            Name            | LUT| Input Size| Bits| Total Bits|
    +----------------------------+----+-----------+-----+-----------+
    |ap_NS_fsm                   |  11|         54|    1|         54|
    |ap_done                     |   3|          2|    1|          2|
    |buffer_address0             |   4|          5|    8|         40|
    |buffer_address1             |   4|          5|    8|         40|
    |diff1_address0              |   3|          3|    8|         24|
    |features_out_V_1_data_in    |   3|          3|   32|         96|
    |features_out_V_1_data_out   |   3|          2|   32|         64|
    |features_out_V_1_state      |   3|          3|    2|          6|
    |features_out_V_TDATA_blk_n  |   3|          2|    1|          2|
    |grp_fu_333_opcode           |   3|          3|    2|          6|
    |grp_fu_333_p0               |   3|          4|   32|        128|
    |grp_fu_333_p1               |   3|          4|   32|        128|
    |grp_fu_340_p0               |   3|          3|   32|         96|
    |grp_fu_340_p1               |   3|          3|   32|         96|
    |grp_fu_348_p0               |   3|          3|   32|         96|
    |grp_fu_352_p0               |   3|          3|   64|        192|
    |grp_fu_356_p0               |   3|          3|   32|         96|
    |grp_fu_363_opcode           |   3|          3|    5|         15|
    |grp_fu_363_p0               |   3|          4|   32|        128|
    |grp_fu_363_p1               |   3|          4|   32|        128|
    |grp_fu_377_p0               |   3|          4|   64|        256|
    |grp_fu_377_p1               |   3|          4|   64|        256|
    |i1_0_reg_239                |   3|          2|    8|         16|
    |i2_0_reg_262                |   3|          2|    8|         16|
    |i3_0_reg_298                |   3|          2|    7|         14|
    |i4_0_reg_309                |   3|          2|   32|         64|
    |i_0_reg_228                 |   3|          2|    8|         16|
    |normalized_in_V_blk_n       |   3|          2|    1|          2|
    |p_012_0_reg_286             |   3|          2|   32|         64|
    |p_014_0_reg_274             |   3|          2|   32|         64|
    |p_0_0_reg_321               |   3|          2|   32|         64|
    |reg_384                     |   3|          2|   32|         64|
    |reg_391                     |   3|          2|   32|         64|
    |x_assign_reg_250            |   3|          2|   32|         64|
    +----------------------------+----+-----------+-----+-----------+
    |Total                       | 112|        148|  804|       2461|
    +----------------------------+----+-----------+-----+-----------+

    * Register: 
    +----------------------------+----+----+-----+-----------+
    |            Name            | FF | LUT| Bits| Const Bits|
    +----------------------------+----+----+-----+-----------+
    |and_ln124_1_reg_1027        |   1|   0|    1|          0|
    |ap_CS_fsm                   |  53|   0|   53|          0|
    |ap_done_reg                 |   1|   0|    1|          0|
    |features_out_V_1_payload_A  |  32|   0|   32|          0|
    |features_out_V_1_payload_B  |  32|   0|   32|          0|
    |features_out_V_1_sel_rd     |   1|   0|    1|          0|
    |features_out_V_1_sel_wr     |   1|   0|    1|          0|
    |features_out_V_1_state      |   2|   0|    2|          0|
    |i1_0_reg_239                |   8|   0|    8|          0|
    |i2_0_reg_262                |   8|   0|    8|          0|
    |i3_0_reg_298                |   7|   0|    7|          0|
    |i4_0_reg_309                |  32|   0|   32|          0|
    |i_0_reg_228                 |   8|   0|    8|          0|
    |i_1_reg_959                 |   8|   0|    8|          0|
    |i_2_reg_1002                |   8|   0|    8|          0|
    |i_3_reg_1050                |   7|   0|    7|          0|
    |i_4_reg_1095                |  32|   0|   32|          0|
    |icmp_ln124_1_reg_1012       |   1|   0|    1|          0|
    |icmp_ln124_2_reg_1017       |   1|   0|    1|          0|
    |icmp_ln124_3_reg_1022       |   1|   0|    1|          0|
    |icmp_ln124_reg_1007         |   1|   0|    1|          0|
    |icmp_ln138_1_reg_1087       |   1|   0|    1|          0|
    |icmp_ln138_reg_1082         |   1|   0|    1|          0|
    |or_ln138_1_reg_1060         |   1|   0|    1|          0|
    |p_012_0_reg_286             |  32|   0|   32|          0|
    |p_014_0_reg_274             |  32|   0|   32|          0|
    |p_0_0_reg_321               |  32|   0|   32|          0|
    |p_Val2_12_reg_987           |  32|   0|   32|          0|
    |reg_384                     |  32|   0|   32|          0|
    |reg_391                     |  32|   0|   32|          0|
    |reg_398                     |  32|   0|   32|          0|
    |reg_405                     |  32|   0|   32|          0|
    |reg_410                     |  32|   0|   32|          0|
    |reg_416                     |  64|   0|   64|          0|
    |slope_ip_1_reg_1065         |  32|   0|   32|          0|
    |slope_ip_reg_1055           |  32|   0|   32|          0|
    |tmp_10_reg_1130             |  64|   0|   64|          0|
    |tmp_11_reg_1135             |  64|   0|   64|          0|
    |tmp_2_reg_1125              |  64|   0|   64|          0|
    |tmp_5_reg_1115              |  64|   0|   64|          0|
    |tmp_9_reg_1120              |  64|   0|   64|          0|
    |x_assign_reg_250            |  32|   0|   32|          0|
    |zext_ln115_1_reg_969        |   8|   0|   64|         56|
    |zext_ln123_reg_979          |   8|   0|   32|         24|
    +----------------------------+----+----+-----+-----------+
    |Total                       |1032|   0| 1112|         80|
    +----------------------------+----+----+-----+-----------+



================================================================
== Interface
================================================================
* Summary: 
+-------------------------+-----+-----+------------+------------------+--------------+
|        RTL Ports        | Dir | Bits|  Protocol  |   Source Object  |    C Type    |
+-------------------------+-----+-----+------------+------------------+--------------+
|ap_clk                   |  in |    1| ap_ctrl_hs | compute_features | return value |
|ap_rst                   |  in |    1| ap_ctrl_hs | compute_features | return value |
|ap_start                 |  in |    1| ap_ctrl_hs | compute_features | return value |
|ap_done                  | out |    1| ap_ctrl_hs | compute_features | return value |
|ap_continue              |  in |    1| ap_ctrl_hs | compute_features | return value |
|ap_idle                  | out |    1| ap_ctrl_hs | compute_features | return value |
|ap_ready                 | out |    1| ap_ctrl_hs | compute_features | return value |
|normalized_in_V_dout     |  in |   32|   ap_fifo  |  normalized_in_V |    pointer   |
|normalized_in_V_empty_n  |  in |    1|   ap_fifo  |  normalized_in_V |    pointer   |
|normalized_in_V_read     | out |    1|   ap_fifo  |  normalized_in_V |    pointer   |
|features_out_V_TDATA     | out |   32|    axis    |  features_out_V  |    pointer   |
|features_out_V_TVALID    | out |    1|    axis    |  features_out_V  |    pointer   |
|features_out_V_TREADY    |  in |    1|    axis    |  features_out_V  |    pointer   |
+-------------------------+-----+-----+------------+------------------+--------------+

