

================================================================
== Vivado HLS Report for 'feature_extractor_ip'
================================================================
* Date:           Wed Mar 26 15:57:08 2025

* Version:        2019.1 (Build 2552052 on Fri May 24 15:28:33 MDT 2019)
* Project:        FIRIn2Features
* Solution:       solution1
* Product family: zynq
* Target device:  xc7z020-clg400-2


================================================================
== Performance Estimates
================================================================
+ Timing (ns): 
    * Summary: 
    +--------+-------+----------+------------+
    |  Clock | Target| Estimated| Uncertainty|
    +--------+-------+----------+------------+
    |ap_clk  |  10.00|     8.588|        1.25|
    +--------+-------+----------+------------+

+ Latency (clock cycles): 
    * Summary: 
    +-----+-----+-----+-----+----------+
    |  Latency  |  Interval | Pipeline |
    | min | max | min | max |   Type   |
    +-----+-----+-----+-----+----------+
    |    ?|    ?|    ?|    ?| dataflow |
    +-----+-----+-----+-----+----------+

    + Detail: 
        * Instance: 
        +-------------------------+----------------------+-----+-----+-----+-----+---------+
        |                         |                      |  Latency  |  Interval | Pipeline|
        |         Instance        |        Module        | min | max | min | max |   Type  |
        +-------------------------+----------------------+-----+-----+-----+-----+---------+
        |compute_features_U0      |compute_features      |    ?|    ?|    ?|    ?|   none  |
        |interval_normalizati_U0  |interval_normalizati  |    ?|    ?|    ?|    ?|   none  |
        |peak_detection_U0        |peak_detection        |    ?|    ?|    ?|    ?|   none  |
        +-------------------------+----------------------+-----+-----+-----+-----+---------+

        * Loop: 
        N/A



================================================================
== Utilization Estimates
================================================================
* Summary: 
+-----------------+---------+-------+--------+-------+-----+
|       Name      | BRAM_18K| DSP48E|   FF   |  LUT  | URAM|
+-----------------+---------+-------+--------+-------+-----+
|DSP              |        -|      -|       -|      -|    -|
|Expression       |        -|      -|       0|      1|    -|
|FIFO             |        0|      -|      10|     66|    -|
|Instance         |        6|     26|    4742|   8766|    0|
|Memory           |        -|      -|       -|      -|    -|
|Multiplexer      |        -|      -|       -|      -|    -|
|Register         |        -|      -|       -|      -|    -|
+-----------------+---------+-------+--------+-------+-----+
|Total            |        6|     26|    4752|   8833|    0|
+-----------------+---------+-------+--------+-------+-----+
|Available        |      280|    220|  106400|  53200|    0|
+-----------------+---------+-------+--------+-------+-----+
|Utilization (%)  |        2|     11|       4|     16|    0|
+-----------------+---------+-------+--------+-------+-----+

+ Detail: 
    * Instance: 
    +-------------------------+----------------------+---------+-------+------+------+-----+
    |         Instance        |        Module        | BRAM_18K| DSP48E|  FF  |  LUT | URAM|
    +-------------------------+----------------------+---------+-------+------+------+-----+
    |compute_features_U0      |compute_features      |        3|     19|  2693|  4633|    0|
    |interval_normalizati_U0  |interval_normalizati  |        1|      7|  1784|  3478|    0|
    |peak_detection_U0        |peak_detection        |        2|      0|   265|   655|    0|
    +-------------------------+----------------------+---------+-------+------+------+-----+
    |Total                    |                      |        6|     26|  4742|  8766|    0|
    +-------------------------+----------------------+---------+-------+------+------+-----+

    * DSP48E: 
    N/A

    * Memory: 
    N/A

    * FIFO: 
    +-----------------------+---------+---+----+-----+------+-----+---------+
    |          Name         | BRAM_18K| FF| LUT| URAM| Depth| Bits| Size:D*B|
    +-----------------------+---------+---+----+-----+------+-----+---------+
    |normalized_stream_V_U  |        0|  5|   0|    -|     2|   32|       64|
    |peak_loc_stream_V_V_U  |        0|  5|   0|    -|     2|   10|       20|
    +-----------------------+---------+---+----+-----+------+-----+---------+
    |Total                  |        0| 10|   0|    0|     4|   42|       84|
    +-----------------------+---------+---+----+-----+------+-----+---------+

    * Expression: 
    +--------------+----------+-------+---+----+------------+------------+
    | Variable Name| Operation| DSP48E| FF| LUT| Bitwidth P0| Bitwidth P1|
    +--------------+----------+-------+---+----+------------+------------+
    |ap_idle       |    and   |      0|  0|   1|           1|           1|
    +--------------+----------+-------+---+----+------------+------------+
    |Total         |          |      0|  0|   1|           1|           1|
    +--------------+----------+-------+---+----+------------+------------+

    * Multiplexer: 
    N/A

    * Register: 
    N/A



================================================================
== Interface
================================================================
* Summary: 
+-----------------------+-----+-----+------------+----------------------+--------------+
|       RTL Ports       | Dir | Bits|  Protocol  |     Source Object    |    C Type    |
+-----------------------+-----+-----+------------+----------------------+--------------+
|fir_in_V_TDATA         |  in |   32|    axis    |       fir_in_V       |    pointer   |
|fir_in_V_TVALID        |  in |    1|    axis    |       fir_in_V       |    pointer   |
|fir_in_V_TREADY        | out |    1|    axis    |       fir_in_V       |    pointer   |
|features_out_V_TDATA   | out |   32|    axis    |    features_out_V    |    pointer   |
|features_out_V_TVALID  | out |    1|    axis    |    features_out_V    |    pointer   |
|features_out_V_TREADY  |  in |    1|    axis    |    features_out_V    |    pointer   |
|ap_clk                 |  in |    1| ap_ctrl_hs | feature_extractor_ip | return value |
|ap_rst_n               |  in |    1| ap_ctrl_hs | feature_extractor_ip | return value |
|ap_start               |  in |    1| ap_ctrl_hs | feature_extractor_ip | return value |
|ap_done                | out |    1| ap_ctrl_hs | feature_extractor_ip | return value |
|ap_ready               | out |    1| ap_ctrl_hs | feature_extractor_ip | return value |
|ap_idle                | out |    1| ap_ctrl_hs | feature_extractor_ip | return value |
+-----------------------+-----+-----+------------+----------------------+--------------+

